INFO: [VRFC 10-2263] Analyzing SystemVerilog file "/home/nami/SPI_UVM/rtl/spi_ip.sv" into library work
INFO: [VRFC 10-311] analyzing module spi_ip
INFO: [VRFC 10-2263] Analyzing SystemVerilog file "/home/nami/SPI_UVM/verification/uvm/tests/top_test_pkg.sv" into library work
ERROR: [VRFC 10-4982] syntax error near 'endpackage' [/home/nami/SPI_UVM/verification/uvm/tests/top_test_pkg.sv:17]
ERROR: [VRFC 10-8549] SystemVerilog keyword 'endpackage' used in incorrect context [/home/nami/SPI_UVM/verification/uvm/tests/top_test_pkg.sv:17]
